
===========================================================================
report_checks -unconstrained
===========================================================================
======================= nom_ss_100C_1v60 Corner ===================================

Startpoint: _3845_ (rising edge-triggered flip-flop clocked by clk_i)
Endpoint: _3804_ (rising edge-triggered flip-flop clocked by clk_i)
Path Group: clk_i
Path Type: max

Fanout         Cap        Slew       Delay        Time   Description
---------------------------------------------------------------------------------------------
                                  0.000000    0.000000   clock clk_i (rise edge)
                                  0.000000    0.000000   clock source latency
     1    0.031631    0.231502    0.160432    0.160432 ^ clk_i (in)
                                                         clk_i (net)
                      0.231542    0.000000    0.160432 ^ clkbuf_0_clk_i/A (sky130_fd_sc_hd__clkbuf_16)
     8    0.117994    0.201358    0.406035    0.566467 ^ clkbuf_0_clk_i/X (sky130_fd_sc_hd__clkbuf_16)
                                                         clknet_0_clk_i (net)
                      0.201785    0.006679    0.573146 ^ clkbuf_3_1__f_clk_i/A (sky130_fd_sc_hd__clkbuf_16)
    15    0.058962    0.119179    0.331311    0.904457 ^ clkbuf_3_1__f_clk_i/X (sky130_fd_sc_hd__clkbuf_16)
                                                         clknet_3_1__leaf_clk_i (net)
                      0.119190    0.001199    0.905656 ^ _3845_/CLK (sky130_fd_sc_hd__dfxtp_1)
     1    0.003619    0.054784    0.603135    1.508791 v _3845_/Q (sky130_fd_sc_hd__dfxtp_1)
                                                         s0_wire[2] (net)
                      0.054784    0.000117    1.508908 v fanout90/A (sky130_fd_sc_hd__clkbuf_4)
     6    0.055321    0.205822    0.370028    1.878936 v fanout90/X (sky130_fd_sc_hd__clkbuf_4)
                                                         net90 (net)
                      0.205845    0.002220    1.881155 v fanout89/A (sky130_fd_sc_hd__buf_4)
    10    0.058759    0.151123    0.409496    2.290651 v fanout89/X (sky130_fd_sc_hd__buf_4)
                                                         net89 (net)
                      0.151124    0.000767    2.291418 v fanout88/A (sky130_fd_sc_hd__buf_4)
    10    0.067527    0.168869    0.399699    2.691118 v fanout88/X (sky130_fd_sc_hd__buf_4)
                                                         net88 (net)
                      0.168874    0.001124    2.692241 v _1943_/B (sky130_fd_sc_hd__and2_1)
     3    0.007485    0.105142    0.402970    3.095212 v _1943_/X (sky130_fd_sc_hd__and2_1)
                                                         _1557_ (net)
                      0.105142    0.000083    3.095295 v _2163_/B (sky130_fd_sc_hd__or2_1)
     2    0.004736    0.115520    0.496064    3.591359 v _2163_/X (sky130_fd_sc_hd__or2_1)
                                                         _1777_ (net)
                      0.115520    0.000095    3.591454 v _2164_/C (sky130_fd_sc_hd__and3_2)
     6    0.026918    0.170080    0.577728    4.169181 v _2164_/X (sky130_fd_sc_hd__and3_2)
                                                         _1778_ (net)
                      0.170080    0.000670    4.169852 v _2236_/A (sky130_fd_sc_hd__or2_2)
     4    0.020614    0.197103    0.832945    5.002797 v _2236_/X (sky130_fd_sc_hd__or2_2)
                                                         _1850_ (net)
                      0.197113    0.000506    5.003303 v _2428_/A1 (sky130_fd_sc_hd__o21a_1)
     2    0.012234    0.147783    0.469573    5.472875 v _2428_/X (sky130_fd_sc_hd__o21a_1)
                                                         _0250_ (net)
                      0.147783    0.000440    5.473315 v _2430_/B (sky130_fd_sc_hd__xor2_1)
     2    0.011246    0.426569    0.427791    5.901106 ^ _2430_/X (sky130_fd_sc_hd__xor2_1)
                                                         _0252_ (net)
                      0.426569    0.000284    5.901390 ^ _2440_/B (sky130_fd_sc_hd__xnor2_1)
     4    0.012920    0.244375    0.367343    6.268734 v _2440_/Y (sky130_fd_sc_hd__xnor2_1)
                                                         _0262_ (net)
                      0.244375    0.000210    6.268944 v _2479_/A_N (sky130_fd_sc_hd__nand4b_1)
     2    0.006648    0.284656    0.529754    6.798698 v _2479_/Y (sky130_fd_sc_hd__nand4b_1)
                                                         _0301_ (net)
                      0.284656    0.000137    6.798835 v _2480_/C (sky130_fd_sc_hd__or3_1)
     2    0.004643    0.158116    0.826180    7.625016 v _2480_/X (sky130_fd_sc_hd__or3_1)
                                                         _0302_ (net)
                      0.158116    0.000094    7.625110 v _2482_/C (sky130_fd_sc_hd__or4_2)
     4    0.017273    0.321181    1.667545    9.292655 v _2482_/X (sky130_fd_sc_hd__or4_2)
                                                         _0304_ (net)
                      0.321181    0.000243    9.292898 v _2499_/A (sky130_fd_sc_hd__and3_1)
     2    0.004789    0.087877    0.432809    9.725708 v _2499_/X (sky130_fd_sc_hd__and3_1)
                                                         _0321_ (net)
                      0.087877    0.000118    9.725825 v _2510_/B1 (sky130_fd_sc_hd__a21o_1)
     2    0.012841    0.140098    0.363372   10.089197 v _2510_/X (sky130_fd_sc_hd__a21o_1)
                                                         _0332_ (net)
                      0.140098    0.000361   10.089559 v _2512_/A1 (sky130_fd_sc_hd__a21oi_1)
     3    0.007889    0.320264    0.350998   10.440557 ^ _2512_/Y (sky130_fd_sc_hd__a21oi_1)
                                                         _0334_ (net)
                      0.320264    0.000236   10.440793 ^ _2515_/A_N (sky130_fd_sc_hd__and4b_1)
     1    0.004690    0.091723    0.500433   10.941226 v _2515_/X (sky130_fd_sc_hd__and4b_1)
                                                         _0337_ (net)
                      0.091723    0.000168   10.941394 v _2516_/B2 (sky130_fd_sc_hd__a22o_1)
     3    0.013452    0.156744    0.459947   11.401340 v _2516_/X (sky130_fd_sc_hd__a22o_1)
                                                         _0338_ (net)
                      0.156744    0.000397   11.401737 v _2520_/A1 (sky130_fd_sc_hd__a211oi_4)
     4    0.029086    0.613555    0.659186   12.060924 ^ _2520_/Y (sky130_fd_sc_hd__a211oi_4)
                                                         _0342_ (net)
                      0.613587    0.003531   12.064454 ^ _2524_/A2 (sky130_fd_sc_hd__o2111a_1)
     4    0.018630    0.301514    0.704378   12.768831 ^ _2524_/X (sky130_fd_sc_hd__o2111a_1)
                                                         _0346_ (net)
                      0.301514    0.000719   12.769551 ^ _2537_/A1 (sky130_fd_sc_hd__o31ai_2)
     3    0.013811    0.179220    0.295047   13.064598 v _2537_/Y (sky130_fd_sc_hd__o31ai_2)
                                                         _0358_ (net)
                      0.179220    0.000504   13.065103 v _2793_/A1 (sky130_fd_sc_hd__a21bo_1)
     2    0.012155    0.137183    0.426912   13.492014 v _2793_/X (sky130_fd_sc_hd__a21bo_1)
                                                         _0612_ (net)
                      0.137183    0.000279   13.492293 v _2794_/B (sky130_fd_sc_hd__xor2_2)
     4    0.014459    0.173953    0.336007   13.828300 v _2794_/X (sky130_fd_sc_hd__xor2_2)
                                                         _0613_ (net)
                      0.173953    0.000452   13.828752 v _2796_/B (sky130_fd_sc_hd__xnor2_1)
     2    0.010164    0.424605    0.439871   14.268623 ^ _2796_/Y (sky130_fd_sc_hd__xnor2_1)
                                                         _0615_ (net)
                      0.424605    0.000258   14.268882 ^ _2853_/A3 (sky130_fd_sc_hd__a31oi_2)
     4    0.010788    0.227111    0.370624   14.639505 v _2853_/Y (sky130_fd_sc_hd__a31oi_2)
                                                         _0671_ (net)
                      0.227111    0.000272   14.639777 v _2868_/A2 (sky130_fd_sc_hd__o211a_1)
     2    0.004995    0.091498    0.464335   15.104113 v _2868_/X (sky130_fd_sc_hd__o211a_1)
                                                         _0684_ (net)
                      0.091498    0.000075   15.104187 v _2869_/C (sky130_fd_sc_hd__or3_2)
     5    0.026678    0.288256    1.185471   16.289658 v _2869_/X (sky130_fd_sc_hd__or3_2)
                                                         _0685_ (net)
                      0.288267    0.002135   16.291794 v _2907_/A1 (sky130_fd_sc_hd__o21ai_2)
     5    0.020280    0.424474    0.516987   16.808781 ^ _2907_/Y (sky130_fd_sc_hd__o21ai_2)
                                                         _0719_ (net)
                      0.424474    0.000883   16.809664 ^ _2993_/A1 (sky130_fd_sc_hd__a21o_1)
     4    0.019021    0.268459    0.488427   17.298090 ^ _2993_/X (sky130_fd_sc_hd__a21o_1)
                                                         _0797_ (net)
                      0.268459    0.000894   17.298985 ^ _3037_/A1 (sky130_fd_sc_hd__a21boi_1)
     3    0.012119    0.225419    0.304173   17.603157 v _3037_/Y (sky130_fd_sc_hd__a21boi_1)
                                                         _0837_ (net)
                      0.225419    0.000298   17.603455 v _3058_/A2 (sky130_fd_sc_hd__o21a_1)
     2    0.005615    0.089899    0.399794   18.003250 v _3058_/X (sky130_fd_sc_hd__o21a_1)
                                                         _0856_ (net)
                      0.089899    0.000146   18.003395 v _3070_/A3 (sky130_fd_sc_hd__o31a_1)
     2    0.005053    0.105285    0.484169   18.487564 v _3070_/X (sky130_fd_sc_hd__o31a_1)
                                                         _0867_ (net)
                      0.105285    0.000131   18.487696 v _3071_/B (sky130_fd_sc_hd__and2_1)
     1    0.003042    0.069871    0.332429   18.820126 v _3071_/X (sky130_fd_sc_hd__and2_1)
                                                         _0868_ (net)
                      0.069871    0.000092   18.820217 v _3073_/B1 (sky130_fd_sc_hd__o221a_1)
     1    0.002816    0.091405    0.421503   19.241720 v _3073_/X (sky130_fd_sc_hd__o221a_1)
                                                         _0026_ (net)
                      0.091405    0.000085   19.241806 v _3804_/D (sky130_fd_sc_hd__dfxtp_1)
                                             19.241806   data arrival time

                                 20.000000   20.000000   clock clk_i (rise edge)
                                  0.000000   20.000000   clock source latency
     1    0.031631    0.231502    0.160432   20.160433 ^ clk_i (in)
                                                         clk_i (net)
                      0.231542    0.000000   20.160433 ^ clkbuf_0_clk_i/A (sky130_fd_sc_hd__clkbuf_16)
     8    0.117994    0.201358    0.406036   20.566467 ^ clkbuf_0_clk_i/X (sky130_fd_sc_hd__clkbuf_16)
                                                         clknet_0_clk_i (net)
                      0.201547    0.005596   20.572063 ^ clkbuf_3_5__f_clk_i/A (sky130_fd_sc_hd__clkbuf_16)
    11    0.048394    0.104915    0.319597   20.891661 ^ clkbuf_3_5__f_clk_i/X (sky130_fd_sc_hd__clkbuf_16)
                                                         clknet_3_5__leaf_clk_i (net)
                      0.104960    0.001899   20.893560 ^ _3804_/CLK (sky130_fd_sc_hd__dfxtp_1)
                                 -0.250000   20.643560   clock uncertainty
                                  0.000000   20.643560   clock reconvergence pessimism
                                 -0.268455   20.375105   library setup time
                                             20.375105   data required time
---------------------------------------------------------------------------------------------
                                             20.375105   data required time
                                            -19.241806   data arrival time
---------------------------------------------------------------------------------------------
                                              1.133300   slack (MET)




===========================================================================
report_checks --slack_max -0.01
============================================================================
======================= nom_ss_100C_1v60 Corner ===================================

No paths found.


===========================================================================
 report_check_types -max_slew -max_cap -max_fanout -violators
============================================================================
======================= nom_ss_100C_1v60 Corner ===================================

max fanout

Pin                                   Limit Fanout  Slack
---------------------------------------------------------
clkbuf_3_0__f_clk_i/X                    10     20    -10 (VIOLATED)
clkbuf_3_1__f_clk_i/X                    10     15     -5 (VIOLATED)
clkbuf_3_3__f_clk_i/X                    10     15     -5 (VIOLATED)
clkbuf_3_2__f_clk_i/X                    10     12     -2 (VIOLATED)
clkbuf_3_7__f_clk_i/X                    10     12     -2 (VIOLATED)
clkbuf_3_5__f_clk_i/X                    10     11        (VIOLATED)



===========================================================================
report_parasitic_annotation -report_unannotated
============================================================================
Found 7 unannotated drivers.
 clkload0/Y
 clkload1/Y
 clkload2/Y
 clkload3/Y
 clkload4/Y
 clkload5/Y
 clkload6/Y
Found 0 partially unannotated drivers.

===========================================================================
max slew violation count 0
max fanout violation count 6
max cap violation count 0
============================================================================

===========================================================================
check_setup -verbose -unconstrained_endpoints -multiple_clock -no_clock -no_input_delay -loops -generated_clocks
===========================================================================
