
===========================================================================
report_checks -unconstrained
===========================================================================
======================= nom_tt_025C_1v80 Corner ===================================

Startpoint: _3846_ (rising edge-triggered flip-flop clocked by clk_i)
Endpoint: _3804_ (rising edge-triggered flip-flop clocked by clk_i)
Path Group: clk_i
Path Type: max

Fanout         Cap        Slew       Delay        Time   Description
---------------------------------------------------------------------------------------------
                                  0.000000    0.000000   clock clk_i (rise edge)
                                  0.000000    0.000000   clock source latency
     1    0.031631    0.147235    0.102945    0.102945 ^ clk_i (in)
                                                         clk_i (net)
                      0.147300    0.000000    0.102945 ^ clkbuf_0_clk_i/A (sky130_fd_sc_hd__clkbuf_16)
     8    0.117994    0.131854    0.232386    0.335331 ^ clkbuf_0_clk_i/X (sky130_fd_sc_hd__clkbuf_16)
                                                         clknet_0_clk_i (net)
                      0.132383    0.006666    0.341997 ^ clkbuf_3_1__f_clk_i/A (sky130_fd_sc_hd__clkbuf_16)
    15    0.061168    0.079256    0.188724    0.530722 ^ clkbuf_3_1__f_clk_i/X (sky130_fd_sc_hd__clkbuf_16)
                                                         clknet_3_1__leaf_clk_i (net)
                      0.079280    0.001314    0.532035 ^ _3846_/CLK (sky130_fd_sc_hd__dfxtp_1)
     1    0.004301    0.053098    0.322503    0.854538 ^ _3846_/Q (sky130_fd_sc_hd__dfxtp_1)
                                                         s0_wire[3] (net)
                      0.053098    0.000144    0.854682 ^ fanout87/A (sky130_fd_sc_hd__buf_4)
     8    0.086958    0.241234    0.254881    1.109563 ^ fanout87/X (sky130_fd_sc_hd__buf_4)
                                                         net87 (net)
                      0.241337    0.004151    1.113714 ^ fanout86/A (sky130_fd_sc_hd__buf_4)
    10    0.070844    0.198640    0.281740    1.395454 ^ fanout86/X (sky130_fd_sc_hd__buf_4)
                                                         net86 (net)
                      0.198663    0.001796    1.397250 ^ fanout85/A (sky130_fd_sc_hd__buf_4)
    10    0.065029    0.182795    0.262285    1.659535 ^ fanout85/X (sky130_fd_sc_hd__buf_4)
                                                         net85 (net)
                      0.182809    0.001732    1.661267 ^ _1940_/B (sky130_fd_sc_hd__xor2_4)
     6    0.024262    0.217994    0.244658    1.905925 ^ _1940_/X (sky130_fd_sc_hd__xor2_4)
                                                         _1554_ (net)
                      0.217994    0.000294    1.906219 ^ _2150_/B (sky130_fd_sc_hd__xor2_2)
     5    0.018481    0.255955    0.269264    2.175483 ^ _2150_/X (sky130_fd_sc_hd__xor2_2)
                                                         _1764_ (net)
                      0.255957    0.000459    2.175942 ^ _2402_/A1_N (sky130_fd_sc_hd__o2bb2a_1)
     2    0.011260    0.090568    0.294743    2.470685 v _2402_/X (sky130_fd_sc_hd__o2bb2a_1)
                                                         _0224_ (net)
                      0.090568    0.000425    2.471109 v _2404_/B (sky130_fd_sc_hd__xnor2_1)
     2    0.008721    0.230589    0.233684    2.704794 ^ _2404_/Y (sky130_fd_sc_hd__xnor2_1)
                                                         _0226_ (net)
                      0.230589    0.000249    2.705043 ^ _2420_/B (sky130_fd_sc_hd__xnor2_1)
     2    0.008644    0.229029    0.191752    2.896795 ^ _2420_/Y (sky130_fd_sc_hd__xnor2_1)
                                                         _0242_ (net)
                      0.229030    0.000246    2.897040 ^ _2430_/A (sky130_fd_sc_hd__xor2_1)
     2    0.011399    0.264588    0.281676    3.178716 ^ _2430_/X (sky130_fd_sc_hd__xor2_1)
                                                         _0252_ (net)
                      0.264588    0.000289    3.179005 ^ _2440_/B (sky130_fd_sc_hd__xnor2_1)
     4    0.013043    0.121218    0.174657    3.353662 v _2440_/Y (sky130_fd_sc_hd__xnor2_1)
                                                         _0262_ (net)
                      0.121218    0.000212    3.353875 v _2479_/A_N (sky130_fd_sc_hd__nand4b_1)
     2    0.006613    0.125896    0.230050    3.583924 v _2479_/Y (sky130_fd_sc_hd__nand4b_1)
                                                         _0301_ (net)
                      0.125896    0.000137    3.584062 v _2480_/C (sky130_fd_sc_hd__or3_1)
     2    0.004667    0.075281    0.343628    3.927689 v _2480_/X (sky130_fd_sc_hd__or3_1)
                                                         _0302_ (net)
                      0.075281    0.000095    3.927784 v _2482_/C (sky130_fd_sc_hd__or4_2)
     4    0.017139    0.149956    0.695527    4.623311 v _2482_/X (sky130_fd_sc_hd__or4_2)
                                                         _0304_ (net)
                      0.149956    0.000343    4.623654 v _2500_/A1 (sky130_fd_sc_hd__a21o_1)
     2    0.005454    0.044291    0.204881    4.828535 v _2500_/X (sky130_fd_sc_hd__a21o_1)
                                                         _0322_ (net)
                      0.044291    0.000082    4.828617 v _2510_/A1 (sky130_fd_sc_hd__a21o_1)
     2    0.012678    0.073232    0.191987    5.020604 v _2510_/X (sky130_fd_sc_hd__a21o_1)
                                                         _0332_ (net)
                      0.073232    0.000357    5.020961 v _2512_/A1 (sky130_fd_sc_hd__a21oi_1)
     3    0.008177    0.203595    0.204741    5.225702 ^ _2512_/Y (sky130_fd_sc_hd__a21oi_1)
                                                         _0334_ (net)
                      0.203595    0.000246    5.225948 ^ _2515_/A_N (sky130_fd_sc_hd__and4b_1)
     1    0.004648    0.047688    0.229160    5.455108 v _2515_/X (sky130_fd_sc_hd__and4b_1)
                                                         _0337_ (net)
                      0.047688    0.000166    5.455274 v _2516_/B2 (sky130_fd_sc_hd__a22o_1)
     3    0.013342    0.085973    0.244772    5.700046 v _2516_/X (sky130_fd_sc_hd__a22o_1)
                                                         _0338_ (net)
                      0.085974    0.000393    5.700438 v _2520_/A1 (sky130_fd_sc_hd__a211oi_4)
     4    0.029286    0.383800    0.388961    6.089400 ^ _2520_/Y (sky130_fd_sc_hd__a211oi_4)
                                                         _0342_ (net)
                      0.383854    0.003563    6.092963 ^ _2524_/A2 (sky130_fd_sc_hd__o2111a_1)
     4    0.018717    0.188635    0.331184    6.424146 ^ _2524_/X (sky130_fd_sc_hd__o2111a_1)
                                                         _0346_ (net)
                      0.188635    0.000723    6.424869 ^ _2537_/A1 (sky130_fd_sc_hd__o31ai_2)
     3    0.013779    0.094922    0.137706    6.562575 v _2537_/Y (sky130_fd_sc_hd__o31ai_2)
                                                         _0358_ (net)
                      0.094924    0.000503    6.563078 v _2793_/A1 (sky130_fd_sc_hd__a21bo_1)
     2    0.011943    0.072021    0.222406    6.785483 v _2793_/X (sky130_fd_sc_hd__a21bo_1)
                                                         _0612_ (net)
                      0.072022    0.000342    6.785826 v _2800_/A2 (sky130_fd_sc_hd__a21o_1)
     1    0.008968    0.058967    0.211326    6.997152 v _2800_/X (sky130_fd_sc_hd__a21o_1)
                                                         _0618_ (net)
                      0.058967    0.000276    6.997428 v _2850_/A (sky130_fd_sc_hd__xnor2_2)
     4    0.014418    0.226068    0.237113    7.234541 ^ _2850_/Y (sky130_fd_sc_hd__xnor2_2)
                                                         _0668_ (net)
                      0.226068    0.000503    7.235044 ^ _2852_/B (sky130_fd_sc_hd__xnor2_1)
     4    0.011640    0.109592    0.154628    7.389672 v _2852_/Y (sky130_fd_sc_hd__xnor2_1)
                                                         _0670_ (net)
                      0.109592    0.000224    7.389895 v _2868_/A1 (sky130_fd_sc_hd__o211a_1)
     2    0.005012    0.048575    0.252833    7.642728 v _2868_/X (sky130_fd_sc_hd__o211a_1)
                                                         _0684_ (net)
                      0.048575    0.000076    7.642805 v _2869_/C (sky130_fd_sc_hd__or3_2)
     5    0.026499    0.145644    0.508097    8.150902 v _2869_/X (sky130_fd_sc_hd__or3_2)
                                                         _0685_ (net)
                      0.145676    0.002118    8.153020 v _2907_/A1 (sky130_fd_sc_hd__o21ai_2)
     5    0.020377    0.257428    0.290807    8.443827 ^ _2907_/Y (sky130_fd_sc_hd__o21ai_2)
                                                         _0719_ (net)
                      0.257433    0.000886    8.444712 ^ _2993_/A1 (sky130_fd_sc_hd__a21o_1)
     4    0.019182    0.171440    0.248629    8.693340 ^ _2993_/X (sky130_fd_sc_hd__a21o_1)
                                                         _0797_ (net)
                      0.171442    0.000899    8.694240 ^ _3037_/A1 (sky130_fd_sc_hd__a21boi_1)
     3    0.012147    0.108905    0.140927    8.835167 v _3037_/Y (sky130_fd_sc_hd__a21boi_1)
                                                         _0837_ (net)
                      0.108905    0.000298    8.835464 v _3058_/A2 (sky130_fd_sc_hd__o21a_1)
     2    0.005602    0.047624    0.202668    9.038133 v _3058_/X (sky130_fd_sc_hd__o21a_1)
                                                         _0856_ (net)
                      0.047624    0.000146    9.038278 v _3070_/A3 (sky130_fd_sc_hd__o31a_1)
     2    0.005086    0.057247    0.246035    9.284313 v _3070_/X (sky130_fd_sc_hd__o31a_1)
                                                         _0867_ (net)
                      0.057247    0.000133    9.284447 v _3071_/B (sky130_fd_sc_hd__and2_1)
     1    0.003007    0.036034    0.156633    9.441079 v _3071_/X (sky130_fd_sc_hd__and2_1)
                                                         _0868_ (net)
                      0.036034    0.000091    9.441170 v _3073_/B1 (sky130_fd_sc_hd__o221a_1)
     1    0.002877    0.045665    0.214590    9.655760 v _3073_/X (sky130_fd_sc_hd__o221a_1)
                                                         _0026_ (net)
                      0.045665    0.000088    9.655848 v _3804_/D (sky130_fd_sc_hd__dfxtp_1)
                                              9.655848   data arrival time

                                 20.000000   20.000000   clock clk_i (rise edge)
                                  0.000000   20.000000   clock source latency
     1    0.031631    0.147235    0.102945   20.102945 ^ clk_i (in)
                                                         clk_i (net)
                      0.147300    0.000000   20.102945 ^ clkbuf_0_clk_i/A (sky130_fd_sc_hd__clkbuf_16)
     8    0.117994    0.131854    0.232387   20.335333 ^ clkbuf_0_clk_i/X (sky130_fd_sc_hd__clkbuf_16)
                                                         clknet_0_clk_i (net)
                      0.132222    0.005587   20.340919 ^ clkbuf_3_5__f_clk_i/A (sky130_fd_sc_hd__clkbuf_16)
    11    0.050161    0.069122    0.180334   20.521254 ^ clkbuf_3_5__f_clk_i/X (sky130_fd_sc_hd__clkbuf_16)
                                                         clknet_3_5__leaf_clk_i (net)
                      0.069198    0.001998   20.523251 ^ _3804_/CLK (sky130_fd_sc_hd__dfxtp_1)
                                 -0.250000   20.273252   clock uncertainty
                                  0.000000   20.273252   clock reconvergence pessimism
                                 -0.105169   20.168083   library setup time
                                             20.168083   data required time
---------------------------------------------------------------------------------------------
                                             20.168083   data required time
                                             -9.655848   data arrival time
---------------------------------------------------------------------------------------------
                                             10.512235   slack (MET)




===========================================================================
report_checks --slack_max -0.01
============================================================================
======================= nom_tt_025C_1v80 Corner ===================================

No paths found.


===========================================================================
 report_check_types -max_slew -max_cap -max_fanout -violators
============================================================================
======================= nom_tt_025C_1v80 Corner ===================================

max fanout

Pin                                   Limit Fanout  Slack
---------------------------------------------------------
clkbuf_3_0__f_clk_i/X                    10     20    -10 (VIOLATED)
clkbuf_3_1__f_clk_i/X                    10     15     -5 (VIOLATED)
clkbuf_3_3__f_clk_i/X                    10     15     -5 (VIOLATED)
clkbuf_3_2__f_clk_i/X                    10     12     -2 (VIOLATED)
clkbuf_3_7__f_clk_i/X                    10     12     -2 (VIOLATED)
clkbuf_3_5__f_clk_i/X                    10     11        (VIOLATED)



===========================================================================
report_parasitic_annotation -report_unannotated
============================================================================
Found 7 unannotated drivers.
 clkload0/Y
 clkload1/Y
 clkload2/Y
 clkload3/Y
 clkload4/Y
 clkload5/Y
 clkload6/Y
Found 0 partially unannotated drivers.

===========================================================================
max slew violation count 0
max fanout violation count 6
max cap violation count 0
============================================================================

===========================================================================
check_setup -verbose -unconstrained_endpoints -multiple_clock -no_clock -no_input_delay -loops -generated_clocks
===========================================================================
