130. Printing statistics.

=== lfsr64_core ===

   Number of wires:                353
   Number of wire bits:            384
   Number of public wires:         106
   Number of public wire bits:     137
   Number of ports:                  6
   Number of port bits:             37
   Number of memories:               0
   Number of memory bits:            0
   Number of processes:              0
   Number of cells:                381
     sky130_fd_sc_hd__a21bo_2       32
     sky130_fd_sc_hd__a21boi_2       1
     sky130_fd_sc_hd__a21o_2        33
     sky130_fd_sc_hd__a21oi_2        3
     sky130_fd_sc_hd__a22o_2        62
     sky130_fd_sc_hd__and2_2        31
     sky130_fd_sc_hd__and2b_2        1
     sky130_fd_sc_hd__and3_2         1
     sky130_fd_sc_hd__and3b_2        1
     sky130_fd_sc_hd__dfxtp_2      133
     sky130_fd_sc_hd__nand2_2        5
     sky130_fd_sc_hd__nor2_2         1
     sky130_fd_sc_hd__nor3_2         1
     sky130_fd_sc_hd__o211a_2       34
     sky130_fd_sc_hd__o21a_2         5
     sky130_fd_sc_hd__o31a_2         2
     sky130_fd_sc_hd__or2_2         31
     sky130_fd_sc_hd__or4_2          1
     sky130_fd_sc_hd__xnor2_2        3

   Chip area for module '\lfsr64_core': 5058.601600
     of which used for sequential elements: 2828.963200 (55.92%)

