
===========================================================================
report_checks -unconstrained
===========================================================================
======================= nom_ss_100C_1v60 Corner ===================================

Startpoint: _3845_ (rising edge-triggered flip-flop clocked by clk_i)
Endpoint: _3804_ (rising edge-triggered flip-flop clocked by clk_i)
Path Group: clk_i
Path Type: max

Fanout         Cap        Slew       Delay        Time   Description
---------------------------------------------------------------------------------------------
                                  0.000000    0.000000   clock clk_i (rise edge)
                                  0.000000    0.000000   clock source latency
     1    0.031431    0.230099    0.159439    0.159439 ^ clk_i (in)
                                                         clk_i (net)
                      0.230140    0.000000    0.159439 ^ clkbuf_0_clk_i/A (sky130_fd_sc_hd__clkbuf_16)
     8    0.117841    0.201123    0.405350    0.564789 ^ clkbuf_0_clk_i/X (sky130_fd_sc_hd__clkbuf_16)
                                                         clknet_0_clk_i (net)
                      0.201547    0.006635    0.571424 ^ clkbuf_3_1__f_clk_i/A (sky130_fd_sc_hd__clkbuf_16)
    15    0.059314    0.119655    0.331561    0.902985 ^ clkbuf_3_1__f_clk_i/X (sky130_fd_sc_hd__clkbuf_16)
                                                         clknet_3_1__leaf_clk_i (net)
                      0.119667    0.001220    0.904205 ^ _3845_/CLK (sky130_fd_sc_hd__dfxtp_1)
     1    0.003627    0.054841    0.603422    1.507627 v _3845_/Q (sky130_fd_sc_hd__dfxtp_1)
                                                         s0_wire[2] (net)
                      0.054841    0.000117    1.507744 v fanout90/A (sky130_fd_sc_hd__clkbuf_4)
     6    0.052745    0.197654    0.363490    1.871234 v fanout90/X (sky130_fd_sc_hd__clkbuf_4)
                                                         net90 (net)
                      0.197681    0.002320    1.873554 v fanout89/A (sky130_fd_sc_hd__buf_4)
    10    0.058545    0.150726    0.405175    2.278728 v fanout89/X (sky130_fd_sc_hd__buf_4)
                                                         net89 (net)
                      0.150727    0.000763    2.279492 v fanout88/A (sky130_fd_sc_hd__buf_4)
    10    0.068570    0.171038    0.401164    2.680655 v fanout88/X (sky130_fd_sc_hd__buf_4)
                                                         net88 (net)
                      0.171043    0.001097    2.681752 v _1943_/B (sky130_fd_sc_hd__and2_1)
     3    0.007387    0.104372    0.403263    3.085016 v _1943_/X (sky130_fd_sc_hd__and2_1)
                                                         _1557_ (net)
                      0.104372    0.000082    3.085098 v _2163_/B (sky130_fd_sc_hd__or2_1)
     2    0.004685    0.115110    0.495226    3.580324 v _2163_/X (sky130_fd_sc_hd__or2_1)
                                                         _1777_ (net)
                      0.115110    0.000093    3.580417 v _2164_/C (sky130_fd_sc_hd__and3_2)
     6    0.026189    0.167284    0.574848    4.155265 v _2164_/X (sky130_fd_sc_hd__and3_2)
                                                         _1778_ (net)
                      0.167284    0.000643    4.155909 v _2236_/A (sky130_fd_sc_hd__or2_2)
     4    0.021019    0.198535    0.833520    4.989429 v _2236_/X (sky130_fd_sc_hd__or2_2)
                                                         _1850_ (net)
                      0.198535    0.000741    4.990170 v _2428_/A1 (sky130_fd_sc_hd__o21a_1)
     2    0.012391    0.148377    0.471476    5.461646 v _2428_/X (sky130_fd_sc_hd__o21a_1)
                                                         _0250_ (net)
                      0.148377    0.000446    5.462092 v _2430_/B (sky130_fd_sc_hd__xor2_1)
     2    0.011235    0.426261    0.427797    5.889890 ^ _2430_/X (sky130_fd_sc_hd__xor2_1)
                                                         _0252_ (net)
                      0.426261    0.000313    5.890203 ^ _2440_/B (sky130_fd_sc_hd__xnor2_1)
     4    0.012857    0.243071    0.366478    6.256680 v _2440_/Y (sky130_fd_sc_hd__xnor2_1)
                                                         _0262_ (net)
                      0.243071    0.000209    6.256890 v _2479_/A_N (sky130_fd_sc_hd__nand4b_1)
     2    0.006648    0.284661    0.529116    6.786005 v _2479_/Y (sky130_fd_sc_hd__nand4b_1)
                                                         _0301_ (net)
                      0.284661    0.000137    6.786143 v _2480_/C (sky130_fd_sc_hd__or3_1)
     2    0.004643    0.158116    0.826182    7.612325 v _2480_/X (sky130_fd_sc_hd__or3_1)
                                                         _0302_ (net)
                      0.158116    0.000094    7.612419 v _2482_/C (sky130_fd_sc_hd__or4_2)
     4    0.017477    0.319754    1.670116    9.282535 v _2482_/X (sky130_fd_sc_hd__or4_2)
                                                         _0304_ (net)
                      0.319754    0.000245    9.282780 v _2499_/A (sky130_fd_sc_hd__and3_1)
     2    0.004789    0.087877    0.432100    9.714880 v _2499_/X (sky130_fd_sc_hd__and3_1)
                                                         _0321_ (net)
                      0.087877    0.000118    9.714998 v _2510_/B1 (sky130_fd_sc_hd__a21o_1)
     2    0.012846    0.140108    0.363408   10.078406 v _2510_/X (sky130_fd_sc_hd__a21o_1)
                                                         _0332_ (net)
                      0.140108    0.000361   10.078768 v _2512_/A1 (sky130_fd_sc_hd__a21oi_1)
     3    0.007889    0.320264    0.351002   10.429770 ^ _2512_/Y (sky130_fd_sc_hd__a21oi_1)
                                                         _0334_ (net)
                      0.320264    0.000236   10.430006 ^ _2515_/A_N (sky130_fd_sc_hd__and4b_1)
     1    0.004708    0.091855    0.500594   10.930600 v _2515_/X (sky130_fd_sc_hd__and4b_1)
                                                         _0337_ (net)
                      0.091855    0.000168   10.930768 v _2516_/B2 (sky130_fd_sc_hd__a22o_1)
     3    0.013482    0.156978    0.460202   11.390969 v _2516_/X (sky130_fd_sc_hd__a22o_1)
                                                         _0338_ (net)
                      0.156978    0.000398   11.391367 v _2520_/A1 (sky130_fd_sc_hd__a211oi_4)
     4    0.028906    0.610825    0.657113   12.048480 ^ _2520_/Y (sky130_fd_sc_hd__a211oi_4)
                                                         _0342_ (net)
                      0.610857    0.003512   12.051991 ^ _2524_/A2 (sky130_fd_sc_hd__o2111a_1)
     4    0.018647    0.301744    0.703768   12.755759 ^ _2524_/X (sky130_fd_sc_hd__o2111a_1)
                                                         _0346_ (net)
                      0.301744    0.000719   12.756479 ^ _2537_/A1 (sky130_fd_sc_hd__o31ai_2)
     3    0.014286    0.182862    0.298262   13.054741 v _2537_/Y (sky130_fd_sc_hd__o31ai_2)
                                                         _0358_ (net)
                      0.182862    0.000525   13.055265 v _2793_/A1 (sky130_fd_sc_hd__a21bo_1)
     2    0.012155    0.137183    0.428456   13.483721 v _2793_/X (sky130_fd_sc_hd__a21bo_1)
                                                         _0612_ (net)
                      0.137183    0.000279   13.484000 v _2794_/B (sky130_fd_sc_hd__xor2_2)
     4    0.014466    0.174006    0.336033   13.820033 v _2794_/X (sky130_fd_sc_hd__xor2_2)
                                                         _0613_ (net)
                      0.174006    0.000452   13.820485 v _2796_/B (sky130_fd_sc_hd__xnor2_1)
     2    0.010164    0.424635    0.439893   14.260379 ^ _2796_/Y (sky130_fd_sc_hd__xnor2_1)
                                                         _0615_ (net)
                      0.424635    0.000258   14.260637 ^ _2853_/A3 (sky130_fd_sc_hd__a31oi_2)
     4    0.010775    0.226943    0.370489   14.631126 v _2853_/Y (sky130_fd_sc_hd__a31oi_2)
                                                         _0671_ (net)
                      0.226943    0.000272   14.631398 v _2868_/A2 (sky130_fd_sc_hd__o211a_1)
     2    0.004925    0.090970    0.463646   15.095044 v _2868_/X (sky130_fd_sc_hd__o211a_1)
                                                         _0684_ (net)
                      0.090970    0.000075   15.095119 v _2869_/C (sky130_fd_sc_hd__or3_2)
     5    0.025933    0.285049    1.181178   16.276297 v _2869_/X (sky130_fd_sc_hd__or3_2)
                                                         _0685_ (net)
                      0.285058    0.001890   16.278187 v _2907_/A1 (sky130_fd_sc_hd__o21ai_2)
     5    0.020094    0.421262    0.513358   16.791544 ^ _2907_/Y (sky130_fd_sc_hd__o21ai_2)
                                                         _0719_ (net)
                      0.421262    0.000878   16.792421 ^ _2993_/A1 (sky130_fd_sc_hd__a21o_1)
     4    0.018859    0.266350    0.485835   17.278257 ^ _2993_/X (sky130_fd_sc_hd__a21o_1)
                                                         _0797_ (net)
                      0.266350    0.000885   17.279142 ^ _3037_/A1 (sky130_fd_sc_hd__a21boi_1)
     3    0.012062    0.224351    0.302688   17.581829 v _3037_/Y (sky130_fd_sc_hd__a21boi_1)
                                                         _0837_ (net)
                      0.224351    0.000297   17.582127 v _3058_/A2 (sky130_fd_sc_hd__o21a_1)
     2    0.005615    0.089895    0.399327   17.981453 v _3058_/X (sky130_fd_sc_hd__o21a_1)
                                                         _0856_ (net)
                      0.089895    0.000146   17.981600 v _3070_/A3 (sky130_fd_sc_hd__o31a_1)
     2    0.005053    0.105285    0.484167   18.465767 v _3070_/X (sky130_fd_sc_hd__o31a_1)
                                                         _0867_ (net)
                      0.105285    0.000131   18.465899 v _3071_/B (sky130_fd_sc_hd__and2_1)
     1    0.002929    0.069000    0.331219   18.797117 v _3071_/X (sky130_fd_sc_hd__and2_1)
                                                         _0868_ (net)
                      0.069000    0.000089   18.797207 v _3073_/B1 (sky130_fd_sc_hd__o221a_1)
     1    0.002816    0.091405    0.421100   19.218306 v _3073_/X (sky130_fd_sc_hd__o221a_1)
                                                         _0026_ (net)
                      0.091405    0.000085   19.218391 v _3804_/D (sky130_fd_sc_hd__dfxtp_1)
                                             19.218391   data arrival time

                                 20.000000   20.000000   clock clk_i (rise edge)
                                  0.000000   20.000000   clock source latency
     1    0.031431    0.230099    0.159439   20.159439 ^ clk_i (in)
                                                         clk_i (net)
                      0.230140    0.000000   20.159439 ^ clkbuf_0_clk_i/A (sky130_fd_sc_hd__clkbuf_16)
     8    0.117841    0.201123    0.405350   20.564789 ^ clkbuf_0_clk_i/X (sky130_fd_sc_hd__clkbuf_16)
                                                         clknet_0_clk_i (net)
                      0.201303    0.005459   20.570248 ^ clkbuf_3_5__f_clk_i/A (sky130_fd_sc_hd__clkbuf_16)
    11    0.048160    0.104604    0.319238   20.889486 ^ clkbuf_3_5__f_clk_i/X (sky130_fd_sc_hd__clkbuf_16)
                                                         clknet_3_5__leaf_clk_i (net)
                      0.104649    0.001885   20.891371 ^ _3804_/CLK (sky130_fd_sc_hd__dfxtp_1)
                                 -0.250000   20.641373   clock uncertainty
                                  0.000000   20.641373   clock reconvergence pessimism
                                 -0.268539   20.372833   library setup time
                                             20.372833   data required time
---------------------------------------------------------------------------------------------
                                             20.372833   data required time
                                            -19.218391   data arrival time
---------------------------------------------------------------------------------------------
                                              1.154442   slack (MET)




===========================================================================
report_checks --slack_max -0.01
============================================================================
======================= nom_ss_100C_1v60 Corner ===================================

No paths found.


===========================================================================
 report_check_types -max_slew -max_cap -max_fanout -violators
============================================================================
======================= nom_ss_100C_1v60 Corner ===================================

max fanout

Pin                                   Limit Fanout  Slack
---------------------------------------------------------
clkbuf_3_0__f_clk_i/X                    10     20    -10 (VIOLATED)
clkbuf_3_1__f_clk_i/X                    10     15     -5 (VIOLATED)
clkbuf_3_3__f_clk_i/X                    10     15     -5 (VIOLATED)
clkbuf_3_2__f_clk_i/X                    10     12     -2 (VIOLATED)
clkbuf_3_7__f_clk_i/X                    10     12     -2 (VIOLATED)
clkbuf_3_5__f_clk_i/X                    10     11        (VIOLATED)



===========================================================================
report_parasitic_annotation -report_unannotated
============================================================================
Found 7 unannotated drivers.
 clkload0/Y
 clkload1/Y
 clkload2/Y
 clkload3/Y
 clkload4/Y
 clkload5/Y
 clkload6/Y
Found 0 partially unannotated drivers.

===========================================================================
max slew violation count 0
max fanout violation count 6
max cap violation count 0
============================================================================

===========================================================================
check_setup -verbose -unconstrained_endpoints -multiple_clock -no_clock -no_input_delay -loops -generated_clocks
===========================================================================
