
===========================================================================
report_checks -unconstrained
===========================================================================
======================= nom_tt_025C_1v80 Corner ===================================

Startpoint: _3846_ (rising edge-triggered flip-flop clocked by clk_i)
Endpoint: _3804_ (rising edge-triggered flip-flop clocked by clk_i)
Path Group: clk_i
Path Type: max

Fanout         Cap        Slew       Delay        Time   Description
---------------------------------------------------------------------------------------------
                                  0.000000    0.000000   clock clk_i (rise edge)
                                  0.000000    0.000000   clock source latency
     1    0.031431    0.146345    0.102315    0.102315 ^ clk_i (in)
                                                         clk_i (net)
                      0.146409    0.000000    0.102315 ^ clkbuf_0_clk_i/A (sky130_fd_sc_hd__clkbuf_16)
     8    0.117841    0.131701    0.232060    0.334374 ^ clkbuf_0_clk_i/X (sky130_fd_sc_hd__clkbuf_16)
                                                         clknet_0_clk_i (net)
                      0.132223    0.006622    0.340997 ^ clkbuf_3_1__f_clk_i/A (sky130_fd_sc_hd__clkbuf_16)
    15    0.061520    0.079579    0.188910    0.529907 ^ clkbuf_3_1__f_clk_i/X (sky130_fd_sc_hd__clkbuf_16)
                                                         clknet_3_1__leaf_clk_i (net)
                      0.079605    0.001333    0.531241 ^ _3846_/CLK (sky130_fd_sc_hd__dfxtp_1)
     1    0.004338    0.053417    0.322870    0.854111 ^ _3846_/Q (sky130_fd_sc_hd__dfxtp_1)
                                                         s0_wire[3] (net)
                      0.053417    0.000146    0.854256 ^ fanout87/A (sky130_fd_sc_hd__buf_4)
     8    0.087061    0.240570    0.255898    1.110154 ^ fanout87/X (sky130_fd_sc_hd__buf_4)
                                                         net87 (net)
                      0.240652    0.003699    1.113853 ^ fanout86/A (sky130_fd_sc_hd__buf_4)
    10    0.067030    0.187556    0.276369    1.390223 ^ fanout86/X (sky130_fd_sc_hd__buf_4)
                                                         net86 (net)
                      0.187648    0.001371    1.391594 ^ fanout85/A (sky130_fd_sc_hd__buf_4)
    10    0.062933    0.177195    0.255530    1.647123 ^ fanout85/X (sky130_fd_sc_hd__buf_4)
                                                         net85 (net)
                      0.177205    0.001491    1.648614 ^ _1940_/B (sky130_fd_sc_hd__xor2_4)
     6    0.024260    0.217981    0.244089    1.892703 ^ _1940_/X (sky130_fd_sc_hd__xor2_4)
                                                         _1554_ (net)
                      0.217981    0.000294    1.892997 ^ _2150_/B (sky130_fd_sc_hd__xor2_2)
     5    0.018502    0.256175    0.269452    2.162450 ^ _2150_/X (sky130_fd_sc_hd__xor2_2)
                                                         _1764_ (net)
                      0.256176    0.000370    2.162820 ^ _2402_/A1_N (sky130_fd_sc_hd__o2bb2a_1)
     2    0.011200    0.090309    0.294539    2.457359 v _2402_/X (sky130_fd_sc_hd__o2bb2a_1)
                                                         _0224_ (net)
                      0.090309    0.000419    2.457778 v _2404_/B (sky130_fd_sc_hd__xnor2_1)
     2    0.008628    0.228734    0.232182    2.689960 ^ _2404_/Y (sky130_fd_sc_hd__xnor2_1)
                                                         _0226_ (net)
                      0.228734    0.000247    2.690206 ^ _2420_/B (sky130_fd_sc_hd__xnor2_1)
     2    0.008661    0.229365    0.191546    2.881752 ^ _2420_/Y (sky130_fd_sc_hd__xnor2_1)
                                                         _0242_ (net)
                      0.229365    0.000246    2.881998 ^ _2430_/A (sky130_fd_sc_hd__xor2_1)
     2    0.011388    0.264398    0.281576    3.163574 ^ _2430_/X (sky130_fd_sc_hd__xor2_1)
                                                         _0252_ (net)
                      0.264398    0.000318    3.163892 ^ _2440_/B (sky130_fd_sc_hd__xnor2_1)
     4    0.012980    0.121052    0.174171    3.338064 v _2440_/Y (sky130_fd_sc_hd__xnor2_1)
                                                         _0262_ (net)
                      0.121052    0.000212    3.338275 v _2479_/A_N (sky130_fd_sc_hd__nand4b_1)
     2    0.006613    0.125902    0.229974    3.568249 v _2479_/Y (sky130_fd_sc_hd__nand4b_1)
                                                         _0301_ (net)
                      0.125902    0.000137    3.568387 v _2480_/C (sky130_fd_sc_hd__or3_1)
     2    0.004667    0.075281    0.343630    3.912016 v _2480_/X (sky130_fd_sc_hd__or3_1)
                                                         _0302_ (net)
                      0.075281    0.000095    3.912111 v _2482_/C (sky130_fd_sc_hd__or4_2)
     4    0.017343    0.150468    0.696383    4.608495 v _2482_/X (sky130_fd_sc_hd__or4_2)
                                                         _0304_ (net)
                      0.150468    0.000345    4.608839 v _2500_/A1 (sky130_fd_sc_hd__a21o_1)
     2    0.005454    0.044291    0.205072    4.813911 v _2500_/X (sky130_fd_sc_hd__a21o_1)
                                                         _0322_ (net)
                      0.044291    0.000082    4.813993 v _2510_/A1 (sky130_fd_sc_hd__a21o_1)
     2    0.012683    0.073250    0.192004    5.005997 v _2510_/X (sky130_fd_sc_hd__a21o_1)
                                                         _0332_ (net)
                      0.073251    0.000357    5.006354 v _2512_/A1 (sky130_fd_sc_hd__a21oi_1)
     3    0.008177    0.203595    0.204749    5.211103 ^ _2512_/Y (sky130_fd_sc_hd__a21oi_1)
                                                         _0334_ (net)
                      0.203595    0.000246    5.211349 ^ _2515_/A_N (sky130_fd_sc_hd__and4b_1)
     1    0.004666    0.047762    0.229254    5.440603 v _2515_/X (sky130_fd_sc_hd__and4b_1)
                                                         _0337_ (net)
                      0.047762    0.000166    5.440769 v _2516_/B2 (sky130_fd_sc_hd__a22o_1)
     3    0.013372    0.086104    0.244921    5.685689 v _2516_/X (sky130_fd_sc_hd__a22o_1)
                                                         _0338_ (net)
                      0.086104    0.000393    5.686083 v _2520_/A1 (sky130_fd_sc_hd__a211oi_4)
     4    0.029106    0.382129    0.387699    6.073782 ^ _2520_/Y (sky130_fd_sc_hd__a211oi_4)
                                                         _0342_ (net)
                      0.382183    0.003544    6.077326 ^ _2524_/A2 (sky130_fd_sc_hd__o2111a_1)
     4    0.018734    0.188784    0.331099    6.408425 ^ _2524_/X (sky130_fd_sc_hd__o2111a_1)
                                                         _0346_ (net)
                      0.188784    0.000723    6.409149 ^ _2537_/A1 (sky130_fd_sc_hd__o31ai_2)
     3    0.014254    0.096539    0.139429    6.548578 v _2537_/Y (sky130_fd_sc_hd__o31ai_2)
                                                         _0358_ (net)
                      0.096540    0.000523    6.549101 v _2793_/A1 (sky130_fd_sc_hd__a21bo_1)
     2    0.011943    0.072021    0.223054    6.772155 v _2793_/X (sky130_fd_sc_hd__a21bo_1)
                                                         _0612_ (net)
                      0.072022    0.000342    6.772497 v _2800_/A2 (sky130_fd_sc_hd__a21o_1)
     1    0.008968    0.058967    0.211326    6.983823 v _2800_/X (sky130_fd_sc_hd__a21o_1)
                                                         _0618_ (net)
                      0.058967    0.000276    6.984099 v _2850_/A (sky130_fd_sc_hd__xnor2_2)
     4    0.014418    0.226072    0.237116    7.221215 ^ _2850_/Y (sky130_fd_sc_hd__xnor2_2)
                                                         _0668_ (net)
                      0.226072    0.000503    7.221718 ^ _2852_/B (sky130_fd_sc_hd__xnor2_1)
     4    0.011654    0.109688    0.154721    7.376439 v _2852_/Y (sky130_fd_sc_hd__xnor2_1)
                                                         _0670_ (net)
                      0.109688    0.000225    7.376664 v _2868_/A1 (sky130_fd_sc_hd__o211a_1)
     2    0.004942    0.048281    0.252506    7.629169 v _2868_/X (sky130_fd_sc_hd__o211a_1)
                                                         _0684_ (net)
                      0.048281    0.000075    7.629244 v _2869_/C (sky130_fd_sc_hd__or3_2)
     5    0.025754    0.143301    0.505624    8.134868 v _2869_/X (sky130_fd_sc_hd__or3_2)
                                                         _0685_ (net)
                      0.143325    0.001873    8.136742 v _2907_/A1 (sky130_fd_sc_hd__o21ai_2)
     5    0.020191    0.255538    0.288524    8.425265 ^ _2907_/Y (sky130_fd_sc_hd__o21ai_2)
                                                         _0719_ (net)
                      0.255543    0.000880    8.426146 ^ _2993_/A1 (sky130_fd_sc_hd__a21o_1)
     4    0.019020    0.170091    0.247292    8.673437 ^ _2993_/X (sky130_fd_sc_hd__a21o_1)
                                                         _0797_ (net)
                      0.170093    0.000890    8.674327 ^ _3037_/A1 (sky130_fd_sc_hd__a21boi_1)
     3    0.012090    0.108331    0.140210    8.814537 v _3037_/Y (sky130_fd_sc_hd__a21boi_1)
                                                         _0837_ (net)
                      0.108331    0.000296    8.814833 v _3058_/A2 (sky130_fd_sc_hd__o21a_1)
     2    0.005602    0.047624    0.202435    9.017267 v _3058_/X (sky130_fd_sc_hd__o21a_1)
                                                         _0856_ (net)
                      0.047624    0.000146    9.017413 v _3070_/A3 (sky130_fd_sc_hd__o31a_1)
     2    0.005086    0.057247    0.246035    9.263448 v _3070_/X (sky130_fd_sc_hd__o31a_1)
                                                         _0867_ (net)
                      0.057247    0.000133    9.263581 v _3071_/B (sky130_fd_sc_hd__and2_1)
     1    0.002894    0.035529    0.155968    9.419549 v _3071_/X (sky130_fd_sc_hd__and2_1)
                                                         _0868_ (net)
                      0.035529    0.000087    9.419636 v _3073_/B1 (sky130_fd_sc_hd__o221a_1)
     1    0.002877    0.045667    0.214384    9.634020 v _3073_/X (sky130_fd_sc_hd__o221a_1)
                                                         _0026_ (net)
                      0.045667    0.000088    9.634108 v _3804_/D (sky130_fd_sc_hd__dfxtp_1)
                                              9.634108   data arrival time

                                 20.000000   20.000000   clock clk_i (rise edge)
                                  0.000000   20.000000   clock source latency
     1    0.031431    0.146345    0.102315   20.102316 ^ clk_i (in)
                                                         clk_i (net)
                      0.146409    0.000000   20.102316 ^ clkbuf_0_clk_i/A (sky130_fd_sc_hd__clkbuf_16)
     8    0.117841    0.131701    0.232060   20.334375 ^ clkbuf_0_clk_i/X (sky130_fd_sc_hd__clkbuf_16)
                                                         clknet_0_clk_i (net)
                      0.132051    0.005452   20.339827 ^ clkbuf_3_5__f_clk_i/A (sky130_fd_sc_hd__clkbuf_16)
    11    0.049927    0.068906    0.180115   20.519941 ^ clkbuf_3_5__f_clk_i/X (sky130_fd_sc_hd__clkbuf_16)
                                                         clknet_3_5__leaf_clk_i (net)
                      0.068982    0.001982   20.521925 ^ _3804_/CLK (sky130_fd_sc_hd__dfxtp_1)
                                 -0.250000   20.271925   clock uncertainty
                                  0.000000   20.271925   clock reconvergence pessimism
                                 -0.105220   20.166704   library setup time
                                             20.166704   data required time
---------------------------------------------------------------------------------------------
                                             20.166704   data required time
                                             -9.634108   data arrival time
---------------------------------------------------------------------------------------------
                                             10.532597   slack (MET)




===========================================================================
report_checks --slack_max -0.01
============================================================================
======================= nom_tt_025C_1v80 Corner ===================================

No paths found.


===========================================================================
 report_check_types -max_slew -max_cap -max_fanout -violators
============================================================================
======================= nom_tt_025C_1v80 Corner ===================================

max fanout

Pin                                   Limit Fanout  Slack
---------------------------------------------------------
clkbuf_3_0__f_clk_i/X                    10     20    -10 (VIOLATED)
clkbuf_3_1__f_clk_i/X                    10     15     -5 (VIOLATED)
clkbuf_3_3__f_clk_i/X                    10     15     -5 (VIOLATED)
clkbuf_3_2__f_clk_i/X                    10     12     -2 (VIOLATED)
clkbuf_3_7__f_clk_i/X                    10     12     -2 (VIOLATED)
clkbuf_3_5__f_clk_i/X                    10     11        (VIOLATED)



===========================================================================
report_parasitic_annotation -report_unannotated
============================================================================
Found 7 unannotated drivers.
 clkload0/Y
 clkload1/Y
 clkload2/Y
 clkload3/Y
 clkload4/Y
 clkload5/Y
 clkload6/Y
Found 0 partially unannotated drivers.

===========================================================================
max slew violation count 0
max fanout violation count 6
max cap violation count 0
============================================================================

===========================================================================
check_setup -verbose -unconstrained_endpoints -multiple_clock -no_clock -no_input_delay -loops -generated_clocks
===========================================================================
