
===========================================================================
report_checks -unconstrained
===========================================================================
======================= nom_tt_025C_1v80 Corner ===================================

Startpoint: rst_ni (input port clocked by clk_i)
Endpoint: ready_o (output port clocked by clk_i)
Path Group: clk_i
Path Type: max

Fanout         Cap        Slew       Delay        Time   Description
---------------------------------------------------------------------------------------------
                                  0.000000    0.000000   clock clk_i (rise edge)
                                  0.000000    0.000000   clock network delay (propagated)
                                  4.000000    4.000000 ^ input external delay
     1    0.002834    0.019878    0.010438    4.010438 ^ rst_ni (in)
                                                         rst_ni (net)
                      0.019878    0.000000    4.010438 ^ input2/A (sky130_fd_sc_hd__buf_1)
     3    0.023094    0.273400    0.231506    4.241945 ^ input2/X (sky130_fd_sc_hd__buf_1)
                                                         net2 (net)
                      0.273407    0.001103    4.243047 ^ fanout83/A (sky130_fd_sc_hd__clkbuf_2)
     6    0.029812    0.166767    0.258264    4.501311 ^ fanout83/X (sky130_fd_sc_hd__clkbuf_2)
                                                         net83 (net)
                      0.166771    0.001120    4.502430 ^ fanout80/A (sky130_fd_sc_hd__clkbuf_2)
    10    0.035560    0.195811    0.251131    4.753561 ^ fanout80/X (sky130_fd_sc_hd__clkbuf_2)
                                                         net80 (net)
                      0.195813    0.001007    4.754569 ^ _247_/B (sky130_fd_sc_hd__and2b_1)
     1    0.006496    0.072374    0.173079    4.927648 ^ _247_/X (sky130_fd_sc_hd__and2b_1)
                                                         net35 (net)
                      0.072374    0.000234    4.927882 ^ output35/A (sky130_fd_sc_hd__buf_2)
     1    0.034937    0.173463    0.210274    5.138155 ^ output35/X (sky130_fd_sc_hd__buf_2)
                                                         ready_o (net)
                      0.173465    0.000832    5.138987 ^ ready_o (out)
                                              5.138987   data arrival time

                                 20.000000   20.000000   clock clk_i (rise edge)
                                  0.000000   20.000000   clock network delay (propagated)
                                 -0.250000   19.750002   clock uncertainty
                                  0.000000   19.750002   clock reconvergence pessimism
                                 -4.000000   15.750001   output external delay
                                             15.750001   data required time
---------------------------------------------------------------------------------------------
                                             15.750001   data required time
                                             -5.138987   data arrival time
---------------------------------------------------------------------------------------------
                                             10.611013   slack (MET)




===========================================================================
report_checks --slack_max -0.01
============================================================================
======================= nom_tt_025C_1v80 Corner ===================================

No paths found.


===========================================================================
 report_check_types -max_slew -max_cap -max_fanout -violators
============================================================================
======================= nom_tt_025C_1v80 Corner ===================================

max fanout

Pin                                   Limit Fanout  Slack
---------------------------------------------------------
clkbuf_0_clk_i/X                         10     16     -6 (VIOLATED)
clkbuf_4_15_0_clk_i/X                    10     13     -3 (VIOLATED)
clkbuf_4_10_0_clk_i/X                    10     12     -2 (VIOLATED)



===========================================================================
report_parasitic_annotation -report_unannotated
============================================================================
Found 15 unannotated drivers.
 clkload0/Y
 clkload1/Y
 clkload10/X
 clkload11/Y
 clkload12/Y
 clkload13/Y
 clkload14/Y
 clkload2/Y
 clkload3/Y
 clkload4/Y
 clkload5/Y
 clkload6/Y
 clkload7/Y
 clkload8/Y
 clkload9/Y
Found 0 partially unannotated drivers.

===========================================================================
max slew violation count 0
max fanout violation count 3
max cap violation count 0
============================================================================

===========================================================================
check_setup -verbose -unconstrained_endpoints -multiple_clock -no_clock -no_input_delay -loops -generated_clocks
===========================================================================
