
===========================================================================
report_checks -unconstrained
===========================================================================
======================= nom_ss_100C_1v60 Corner ===================================

Startpoint: rst_ni (input port clocked by clk_i)
Endpoint: ready_o (output port clocked by clk_i)
Path Group: clk_i
Path Type: max

Fanout         Cap        Slew       Delay        Time   Description
---------------------------------------------------------------------------------------------
                                  0.000000    0.000000   clock clk_i (rise edge)
                                  0.000000    0.000000   clock network delay (propagated)
                                  4.000000    4.000000 ^ input external delay
     1    0.002768    0.032042    0.015624    4.015624 ^ rst_ni (in)
                                                         rst_ni (net)
                      0.032042    0.000000    4.015624 ^ input2/A (sky130_fd_sc_hd__buf_1)
     3    0.023028    0.438140    0.394780    4.410403 ^ input2/X (sky130_fd_sc_hd__buf_1)
                                                         net2 (net)
                      0.438144    0.001100    4.411503 ^ fanout83/A (sky130_fd_sc_hd__clkbuf_2)
     6    0.029483    0.257626    0.478027    4.889530 ^ fanout83/X (sky130_fd_sc_hd__clkbuf_2)
                                                         net83 (net)
                      0.257626    0.001107    4.890636 ^ fanout80/A (sky130_fd_sc_hd__clkbuf_2)
    10    0.035075    0.301531    0.441213    5.331849 ^ fanout80/X (sky130_fd_sc_hd__clkbuf_2)
                                                         net80 (net)
                      0.301531    0.000991    5.332840 ^ _247_/B (sky130_fd_sc_hd__and2b_1)
     1    0.006442    0.117943    0.344618    5.677459 ^ _247_/X (sky130_fd_sc_hd__and2b_1)
                                                         net35 (net)
                      0.117943    0.000231    5.677690 ^ output35/A (sky130_fd_sc_hd__buf_2)
     1    0.034937    0.277235    0.369325    6.047014 ^ output35/X (sky130_fd_sc_hd__buf_2)
                                                         ready_o (net)
                      0.277235    0.000832    6.047846 ^ ready_o (out)
                                              6.047846   data arrival time

                                 20.000000   20.000000   clock clk_i (rise edge)
                                  0.000000   20.000000   clock network delay (propagated)
                                 -0.250000   19.750002   clock uncertainty
                                  0.000000   19.750002   clock reconvergence pessimism
                                 -4.000000   15.750001   output external delay
                                             15.750001   data required time
---------------------------------------------------------------------------------------------
                                             15.750001   data required time
                                             -6.047846   data arrival time
---------------------------------------------------------------------------------------------
                                              9.702155   slack (MET)




===========================================================================
report_checks --slack_max -0.01
============================================================================
======================= nom_ss_100C_1v60 Corner ===================================

No paths found.


===========================================================================
 report_check_types -max_slew -max_cap -max_fanout -violators
============================================================================
======================= nom_ss_100C_1v60 Corner ===================================

max fanout

Pin                                   Limit Fanout  Slack
---------------------------------------------------------
clkbuf_0_clk_i/X                         10     16     -6 (VIOLATED)
clkbuf_4_15_0_clk_i/X                    10     13     -3 (VIOLATED)
clkbuf_4_10_0_clk_i/X                    10     12     -2 (VIOLATED)



===========================================================================
report_parasitic_annotation -report_unannotated
============================================================================
Found 15 unannotated drivers.
 clkload0/Y
 clkload1/Y
 clkload10/X
 clkload11/Y
 clkload12/Y
 clkload13/Y
 clkload14/Y
 clkload2/Y
 clkload3/Y
 clkload4/Y
 clkload5/Y
 clkload6/Y
 clkload7/Y
 clkload8/Y
 clkload9/Y
Found 0 partially unannotated drivers.

===========================================================================
max slew violation count 0
max fanout violation count 3
max cap violation count 0
============================================================================

===========================================================================
check_setup -verbose -unconstrained_endpoints -multiple_clock -no_clock -no_input_delay -loops -generated_clocks
===========================================================================
